2025-08-29 17:24:35,297 - INFO - Starting experiment: sketch_32x32_50classes
2025-08-29 17:24:35,297 - INFO - Config: {'description': '32x32 resolution, 50 classes, research-grade model', 'image_size': 32, 'model_channels': [64, 128, 256, 512], 'num_residual_layers': 4, 'learning_rate': 0.0001, 'guidance_scale': 1.5, 'eta': 0.1, 'weight_multiplier': 1.0, 'batch_size': 32, 'num_epochs': 2000, 'checkpoint_interval': 50, 'sample_interval': 25}
2025-08-29 17:24:35,297 - INFO - Using device: cuda:1
2025-08-29 17:24:35,539 - INFO - GPU Memory: 25.4GB
2025-08-29 17:24:35,539 - INFO - Free Memory: 0.0GB
2025-08-29 17:24:35,539 - INFO - Initializing probability path...
2025-08-29 17:24:37,139 - INFO - Probability path initialized successfully
2025-08-29 17:24:37,139 - INFO - Initializing SketchUNet model...
2025-08-29 17:24:37,458 - INFO - Model initialized successfully
2025-08-29 17:24:37,460 - INFO - Total parameters: 34,949,454
2025-08-29 17:24:37,460 - INFO - Trainable parameters: 34,949,454
2025-08-29 17:24:37,461 - INFO - Initializing CFG trainer...
2025-08-29 17:24:37,461 - INFO - Trainer initialized successfully
2025-08-29 17:24:37,461 - INFO - Starting training:
2025-08-29 17:24:37,461 - INFO -   - Total epochs: 2000
2025-08-29 17:24:37,461 - INFO -   - Learning rate: 0.0001
2025-08-29 17:24:37,461 - INFO -   - Batch size: 32
2025-08-29 17:24:37,461 - INFO -   - Image size: 32x32
2025-08-29 17:24:37,461 - INFO -   - Model channels: [64, 128, 256, 512]
2025-08-29 17:24:37,461 - INFO -   - Eta (null class probability): 0.1
2025-08-29 17:24:37,461 - INFO -   - Loss: Standard MSE (no weighting)
2025-08-29 17:24:37,461 - INFO -   - Checkpoint interval: 50
2025-08-29 17:24:37,461 - INFO -   - Sample interval: 25
2025-08-29 17:24:37,461 - INFO - Starting training...
2025-08-29 17:24:38,619 - INFO - Epoch    0, Loss: 2823.776123
2025-08-29 17:24:39,166 - INFO - New best model saved (loss: 2823.776123)
2025-08-29 17:24:43,464 - INFO - Samples generated: ./experiments/sketch_32x32_50classes_20250829_172435/samples/samples_epoch_0000_classes_0-15.png
2025-08-29 17:24:47,127 - INFO - New best model saved (loss: 2268.020996)
2025-08-29 17:24:50,227 - INFO - New best model saved (loss: 1828.858887)
2025-08-29 17:24:53,377 - INFO - New best model saved (loss: 1619.747681)
2025-08-29 17:24:56,723 - INFO - New best model saved (loss: 1544.623657)
2025-08-29 17:24:59,871 - INFO - New best model saved (loss: 1396.788452)
2025-08-29 17:25:03,257 - INFO - New best model saved (loss: 1233.507935)
2025-08-29 17:25:03,922 - INFO - Epoch   10, Loss: 1255.354492
2025-08-29 17:25:07,166 - INFO - New best model saved (loss: 1159.854248)
2025-08-29 17:25:10,454 - INFO - New best model saved (loss: 1145.946289)
2025-08-29 17:25:13,427 - INFO - New best model saved (loss: 1097.084229)
2025-08-29 17:25:17,263 - INFO - New best model saved (loss: 1092.405762)
2025-08-29 17:25:17,496 - INFO - Epoch   20, Loss: 1103.114746
2025-08-29 17:25:20,909 - INFO - New best model saved (loss: 1065.395752)
2025-08-29 17:25:24,286 - INFO - New best model saved (loss: 1041.327271)
2025-08-29 17:25:28,908 - INFO - Samples generated: ./experiments/sketch_32x32_50classes_20250829_172435/samples/samples_epoch_0025_classes_0-15.png
2025-08-29 17:25:32,404 - INFO - New best model saved (loss: 977.764709)
2025-08-29 17:25:35,779 - INFO - New best model saved (loss: 973.624573)
2025-08-29 17:25:36,018 - INFO - Epoch   30, Loss: 1034.445557
2025-08-29 17:25:40,174 - INFO - New best model saved (loss: 971.591553)
2025-08-29 17:25:43,538 - INFO - New best model saved (loss: 943.445740)
2025-08-29 17:25:43,924 - INFO - Epoch   40, Loss: 944.785828
2025-08-29 17:25:47,361 - INFO - New best model saved (loss: 890.811890)
2025-08-29 17:25:48,660 - INFO - Epoch   50, Loss: 888.868774
2025-08-29 17:25:49,228 - INFO - Checkpoint saved: ./experiments/sketch_32x32_50classes_20250829_172435/ckps/checkpoint_epoch_0050.pth
2025-08-29 17:25:52,132 - INFO - New best model saved (loss: 888.868774)
2025-08-29 17:25:56,538 - INFO - Samples generated: ./experiments/sketch_32x32_50classes_20250829_172435/samples/samples_epoch_0050_classes_0-15.png
2025-08-29 17:26:00,237 - INFO - New best model saved (loss: 870.136780)
2025-08-29 17:26:03,658 - INFO - New best model saved (loss: 855.721558)
2025-08-29 17:26:06,994 - INFO - New best model saved (loss: 800.302490)
2025-08-29 17:26:07,582 - INFO - Epoch   60, Loss: 883.060547
2025-08-29 17:26:12,027 - INFO - New best model saved (loss: 797.509338)
2025-08-29 17:26:12,484 - INFO - Epoch   70, Loss: 827.566162
2025-08-29 17:26:17,710 - INFO - Samples generated: ./experiments/sketch_32x32_50classes_20250829_172435/samples/samples_epoch_0075_classes_0-15.png
2025-08-29 17:26:21,327 - INFO - New best model saved (loss: 795.014954)
2025-08-29 17:26:22,094 - INFO - Epoch   80, Loss: 787.344604
2025-08-29 17:26:25,171 - INFO - New best model saved (loss: 787.344604)
2025-08-29 17:26:29,039 - INFO - New best model saved (loss: 749.045898)
2025-08-29 17:26:32,710 - INFO - New best model saved (loss: 743.713379)
2025-08-29 17:26:33,417 - INFO - Epoch   90, Loss: 805.949829
2025-08-29 17:26:36,936 - INFO - New best model saved (loss: 726.646973)
2025-08-29 17:26:38,202 - INFO - Epoch  100, Loss: 745.735107
2025-08-29 17:26:38,760 - INFO - Checkpoint saved: ./experiments/sketch_32x32_50classes_20250829_172435/ckps/checkpoint_epoch_0100.pth
2025-08-29 17:26:42,988 - INFO - Samples generated: ./experiments/sketch_32x32_50classes_20250829_172435/samples/samples_epoch_0100_classes_0-15.png
2025-08-29 17:26:44,921 - INFO - Epoch  110, Loss: 726.955444
2025-08-29 17:26:48,223 - INFO - New best model saved (loss: 721.676575)
2025-08-29 17:26:51,976 - INFO - New best model saved (loss: 707.684143)
2025-08-29 17:26:55,527 - INFO - New best model saved (loss: 683.874756)
2025-08-29 17:26:56,284 - INFO - Epoch  120, Loss: 738.599365
2025-08-29 17:27:00,166 - INFO - New best model saved (loss: 671.283569)
2025-08-29 17:27:04,432 - INFO - Samples generated: ./experiments/sketch_32x32_50classes_20250829_172435/samples/samples_epoch_0125_classes_0-15.png
2025-08-29 17:27:07,747 - INFO - New best model saved (loss: 641.719727)
2025-08-29 17:27:08,466 - INFO - Epoch  130, Loss: 663.484131
2025-08-29 17:27:14,339 - INFO - New best model saved (loss: 626.791138)
2025-08-29 17:27:15,287 - INFO - Epoch  140, Loss: 733.575989
2025-08-29 17:27:19,783 - INFO - New best model saved (loss: 606.348633)
2025-08-29 17:27:20,196 - INFO - Epoch  150, Loss: 635.422119
2025-08-29 17:27:20,741 - INFO - Checkpoint saved: ./experiments/sketch_32x32_50classes_20250829_172435/ckps/checkpoint_epoch_0150.pth
2025-08-29 17:27:25,162 - INFO - Samples generated: ./experiments/sketch_32x32_50classes_20250829_172435/samples/samples_epoch_0150_classes_0-15.png
2025-08-29 17:27:28,963 - INFO - New best model saved (loss: 599.261536)
2025-08-29 17:27:30,229 - INFO - Epoch  160, Loss: 614.296326
2025-08-29 17:27:33,862 - INFO - New best model saved (loss: 589.123535)
2025-08-29 17:27:38,083 - INFO - New best model saved (loss: 576.388123)
2025-08-29 17:27:38,672 - INFO - Epoch  170, Loss: 599.533936
2025-08-29 17:27:43,994 - INFO - Samples generated: ./experiments/sketch_32x32_50classes_20250829_172435/samples/samples_epoch_0175_classes_0-15.png
2025-08-29 17:27:47,348 - INFO - New best model saved (loss: 572.403381)
2025-08-29 17:27:51,101 - INFO - New best model saved (loss: 571.652954)
2025-08-29 17:27:51,343 - INFO - Epoch  180, Loss: 590.631714
2025-08-29 17:27:57,000 - INFO - New best model saved (loss: 556.432190)
2025-08-29 17:28:00,838 - INFO - New best model saved (loss: 542.262085)
2025-08-29 17:28:04,284 - INFO - New best model saved (loss: 527.772217)
2025-08-29 17:28:04,716 - INFO - Epoch  190, Loss: 581.321167
2025-08-29 17:28:08,686 - INFO - New best model saved (loss: 512.387573)
2025-08-29 17:28:12,881 - INFO - New best model saved (loss: 494.293976)
2025-08-29 17:28:13,151 - INFO - Epoch  200, Loss: 550.734863
2025-08-29 17:28:13,758 - INFO - Checkpoint saved: ./experiments/sketch_32x32_50classes_20250829_172435/ckps/checkpoint_epoch_0200.pth
2025-08-29 17:28:18,193 - INFO - Samples generated: ./experiments/sketch_32x32_50classes_20250829_172435/samples/samples_epoch_0200_classes_0-15.png
2025-08-29 17:28:22,668 - INFO - New best model saved (loss: 481.048340)
2025-08-29 17:28:23,108 - INFO - Epoch  210, Loss: 503.000031
2025-08-29 17:28:26,521 - INFO - New best model saved (loss: 478.668762)
2025-08-29 17:28:27,934 - INFO - Epoch  220, Loss: 510.623413
2025-08-29 17:28:32,972 - INFO - Samples generated: ./experiments/sketch_32x32_50classes_20250829_172435/samples/samples_epoch_0225_classes_0-15.png
2025-08-29 17:28:33,825 - INFO - Epoch  230, Loss: 544.203735
2025-08-29 17:28:37,474 - INFO - New best model saved (loss: 468.392761)
2025-08-29 17:28:40,824 - INFO - New best model saved (loss: 450.536926)
2025-08-29 17:28:42,012 - INFO - Epoch  240, Loss: 488.199829
2025-08-29 17:28:45,621 - INFO - New best model saved (loss: 431.349060)
2025-08-29 17:28:46,904 - INFO - Epoch  250, Loss: 473.070038
2025-08-29 17:28:47,454 - INFO - Checkpoint saved: ./experiments/sketch_32x32_50classes_20250829_172435/ckps/checkpoint_epoch_0250.pth
2025-08-29 17:28:51,724 - INFO - Samples generated: ./experiments/sketch_32x32_50classes_20250829_172435/samples/samples_epoch_0250_classes_0-15.png
2025-08-29 17:28:53,354 - INFO - Epoch  260, Loss: 496.382568
2025-08-29 17:28:56,466 - INFO - New best model saved (loss: 421.345642)
2025-08-29 17:29:00,046 - INFO - New best model saved (loss: 419.153381)
2025-08-29 17:29:04,072 - INFO - New best model saved (loss: 415.373566)
2025-08-29 17:29:04,343 - INFO - Epoch  270, Loss: 450.903320
2025-08-29 17:29:07,637 - INFO - New best model saved (loss: 408.752380)
2025-08-29 17:29:12,588 - INFO - Samples generated: ./experiments/sketch_32x32_50classes_20250829_172435/samples/samples_epoch_0275_classes_0-15.png
2025-08-29 17:29:15,808 - INFO - New best model saved (loss: 379.501129)
2025-08-29 17:29:16,567 - INFO - Epoch  280, Loss: 394.097900
2025-08-29 17:29:18,386 - INFO - Epoch  290, Loss: 445.033630
2025-08-29 17:29:24,633 - INFO - New best model saved (loss: 363.237823)
2025-08-29 17:29:27,987 - INFO - New best model saved (loss: 361.869385)
2025-08-29 17:29:28,227 - INFO - Epoch  300, Loss: 419.523224
2025-08-29 17:29:28,787 - INFO - Checkpoint saved: ./experiments/sketch_32x32_50classes_20250829_172435/ckps/checkpoint_epoch_0300.pth
2025-08-29 17:29:33,196 - INFO - Samples generated: ./experiments/sketch_32x32_50classes_20250829_172435/samples/samples_epoch_0300_classes_0-15.png
2025-08-29 17:29:34,863 - INFO - Epoch  310, Loss: 337.705353
2025-08-29 17:29:37,841 - INFO - New best model saved (loss: 337.705353)
2025-08-29 17:29:39,706 - INFO - Epoch  320, Loss: 357.275452
2025-08-29 17:29:44,881 - INFO - Samples generated: ./experiments/sketch_32x32_50classes_20250829_172435/samples/samples_epoch_0325_classes_0-15.png
2025-08-29 17:29:45,891 - INFO - Epoch  330, Loss: 359.325195
2025-08-29 17:29:50,678 - INFO - New best model saved (loss: 306.109314)
2025-08-29 17:29:50,891 - INFO - Epoch  340, Loss: 349.067444
2025-08-29 17:29:54,613 - INFO - New best model saved (loss: 297.199951)
2025-08-29 17:29:55,620 - INFO - Epoch  350, Loss: 337.866394
2025-08-29 17:29:56,186 - INFO - Checkpoint saved: ./experiments/sketch_32x32_50classes_20250829_172435/ckps/checkpoint_epoch_0350.pth
2025-08-29 17:30:00,650 - INFO - Samples generated: ./experiments/sketch_32x32_50classes_20250829_172435/samples/samples_epoch_0350_classes_0-15.png
2025-08-29 17:30:02,364 - INFO - Epoch  360, Loss: 360.778076
2025-08-29 17:30:06,726 - INFO - New best model saved (loss: 290.716003)
2025-08-29 17:30:07,126 - INFO - Epoch  370, Loss: 355.222473
2025-08-29 17:30:12,433 - INFO - Samples generated: ./experiments/sketch_32x32_50classes_20250829_172435/samples/samples_epoch_0375_classes_0-15.png
2025-08-29 17:30:13,376 - INFO - Epoch  380, Loss: 335.716034
2025-08-29 17:30:14,976 - INFO - Epoch  390, Loss: 294.332001
2025-08-29 17:30:18,157 - INFO - New best model saved (loss: 279.655273)
2025-08-29 17:30:22,414 - INFO - New best model saved (loss: 271.310150)
2025-08-29 17:30:22,689 - INFO - Epoch  400, Loss: 285.216125
2025-08-29 17:30:23,277 - INFO - Checkpoint saved: ./experiments/sketch_32x32_50classes_20250829_172435/ckps/checkpoint_epoch_0400.pth
2025-08-29 17:30:27,501 - INFO - Samples generated: ./experiments/sketch_32x32_50classes_20250829_172435/samples/samples_epoch_0400_classes_0-15.png
2025-08-29 17:30:32,437 - INFO - New best model saved (loss: 266.309570)
2025-08-29 17:30:36,264 - INFO - New best model saved (loss: 259.317444)
2025-08-29 17:30:36,528 - INFO - Epoch  410, Loss: 298.663696
2025-08-29 17:30:38,200 - INFO - Epoch  420, Loss: 295.864716
2025-08-29 17:30:41,558 - INFO - New best model saved (loss: 251.407043)
2025-08-29 17:30:46,389 - INFO - Samples generated: ./experiments/sketch_32x32_50classes_20250829_172435/samples/samples_epoch_0425_classes_0-15.png
2025-08-29 17:30:47,187 - INFO - Epoch  430, Loss: 244.371399
2025-08-29 17:30:50,095 - INFO - New best model saved (loss: 244.371399)
2025-08-29 17:30:51,831 - INFO - Epoch  440, Loss: 297.275909
2025-08-29 17:30:54,953 - INFO - New best model saved (loss: 236.839508)
2025-08-29 17:30:56,569 - INFO - Epoch  450, Loss: 295.305176
2025-08-29 17:30:57,161 - INFO - Checkpoint saved: ./experiments/sketch_32x32_50classes_20250829_172435/ckps/checkpoint_epoch_0450.pth
2025-08-29 17:31:01,547 - INFO - Samples generated: ./experiments/sketch_32x32_50classes_20250829_172435/samples/samples_epoch_0450_classes_0-15.png
2025-08-29 17:31:03,311 - INFO - Epoch  460, Loss: 273.685150
2025-08-29 17:31:07,333 - INFO - New best model saved (loss: 226.343338)
2025-08-29 17:31:08,263 - INFO - Epoch  470, Loss: 308.180939
2025-08-29 17:31:13,376 - INFO - Samples generated: ./experiments/sketch_32x32_50classes_20250829_172435/samples/samples_epoch_0475_classes_0-15.png
2025-08-29 17:31:14,302 - INFO - Epoch  480, Loss: 263.974121
2025-08-29 17:31:16,056 - INFO - Epoch  490, Loss: 228.999527
2025-08-29 17:31:19,804 - INFO - New best model saved (loss: 219.968323)
2025-08-29 17:31:20,821 - INFO - Epoch  500, Loss: 335.027863
2025-08-29 17:31:21,391 - INFO - Checkpoint saved: ./experiments/sketch_32x32_50classes_20250829_172435/ckps/checkpoint_epoch_0500.pth
2025-08-29 17:31:25,826 - INFO - Samples generated: ./experiments/sketch_32x32_50classes_20250829_172435/samples/samples_epoch_0500_classes_0-15.png
2025-08-29 17:31:31,173 - INFO - New best model saved (loss: 216.154755)
2025-08-29 17:31:31,934 - INFO - Epoch  510, Loss: 234.220825
2025-08-29 17:31:33,798 - INFO - Epoch  520, Loss: 259.054840
2025-08-29 17:31:38,981 - INFO - Samples generated: ./experiments/sketch_32x32_50classes_20250829_172435/samples/samples_epoch_0525_classes_0-15.png
2025-08-29 17:31:39,911 - INFO - Epoch  530, Loss: 258.216858
2025-08-29 17:31:41,654 - INFO - Epoch  540, Loss: 251.606125
2025-08-29 17:31:45,494 - INFO - New best model saved (loss: 200.208527)
2025-08-29 17:31:49,560 - INFO - New best model saved (loss: 196.634857)
2025-08-29 17:31:50,361 - INFO - Epoch  550, Loss: 211.014297
2025-08-29 17:31:50,910 - INFO - Checkpoint saved: ./experiments/sketch_32x32_50classes_20250829_172435/ckps/checkpoint_epoch_0550.pth
2025-08-29 17:31:55,156 - INFO - Samples generated: ./experiments/sketch_32x32_50classes_20250829_172435/samples/samples_epoch_0550_classes_0-15.png
2025-08-29 17:31:59,737 - INFO - New best model saved (loss: 194.732941)
2025-08-29 17:32:00,153 - INFO - Epoch  560, Loss: 226.407379
2025-08-29 17:32:03,978 - INFO - New best model saved (loss: 193.590393)
2025-08-29 17:32:05,583 - INFO - Epoch  570, Loss: 262.920654
2025-08-29 17:32:10,867 - INFO - Samples generated: ./experiments/sketch_32x32_50classes_20250829_172435/samples/samples_epoch_0575_classes_0-15.png
2025-08-29 17:32:11,740 - INFO - Epoch  580, Loss: 242.294205
2025-08-29 17:32:13,439 - INFO - Epoch  590, Loss: 238.783844
2025-08-29 17:32:15,227 - INFO - Epoch  600, Loss: 244.264053
2025-08-29 17:32:15,782 - INFO - Checkpoint saved: ./experiments/sketch_32x32_50classes_20250829_172435/ckps/checkpoint_epoch_0600.pth
2025-08-29 17:32:20,036 - INFO - Samples generated: ./experiments/sketch_32x32_50classes_20250829_172435/samples/samples_epoch_0600_classes_0-15.png
2025-08-29 17:32:21,796 - INFO - Epoch  610, Loss: 275.500000
2025-08-29 17:32:23,540 - INFO - Epoch  620, Loss: 278.858032
2025-08-29 17:32:28,849 - INFO - Samples generated: ./experiments/sketch_32x32_50classes_20250829_172435/samples/samples_epoch_0625_classes_0-15.png
2025-08-29 17:32:29,732 - INFO - Epoch  630, Loss: 241.389221
2025-08-29 17:32:31,537 - INFO - Epoch  640, Loss: 290.868622
2025-08-29 17:32:36,333 - INFO - New best model saved (loss: 185.214142)
2025-08-29 17:32:36,569 - INFO - Epoch  650, Loss: 214.084625
2025-08-29 17:32:37,149 - INFO - Checkpoint saved: ./experiments/sketch_32x32_50classes_20250829_172435/ckps/checkpoint_epoch_0650.pth
2025-08-29 17:32:41,398 - INFO - Samples generated: ./experiments/sketch_32x32_50classes_20250829_172435/samples/samples_epoch_0650_classes_0-15.png
2025-08-29 17:32:43,139 - INFO - Epoch  660, Loss: 214.459869
2025-08-29 17:32:44,825 - INFO - Epoch  670, Loss: 229.133728
2025-08-29 17:32:50,140 - INFO - Samples generated: ./experiments/sketch_32x32_50classes_20250829_172435/samples/samples_epoch_0675_classes_0-15.png
2025-08-29 17:32:51,142 - INFO - Epoch  680, Loss: 222.040314
2025-08-29 17:32:52,840 - INFO - Epoch  690, Loss: 215.784149
2025-08-29 17:32:57,272 - INFO - New best model saved (loss: 177.373260)
2025-08-29 17:32:57,812 - INFO - Epoch  700, Loss: 232.757202
2025-08-29 17:32:58,396 - INFO - Checkpoint saved: ./experiments/sketch_32x32_50classes_20250829_172435/ckps/checkpoint_epoch_0700.pth
2025-08-29 17:33:02,637 - INFO - Samples generated: ./experiments/sketch_32x32_50classes_20250829_172435/samples/samples_epoch_0700_classes_0-15.png
2025-08-29 17:33:04,439 - INFO - Epoch  710, Loss: 253.673447
2025-08-29 17:33:06,242 - INFO - Epoch  720, Loss: 207.516495
2025-08-29 17:33:11,472 - INFO - Samples generated: ./experiments/sketch_32x32_50classes_20250829_172435/samples/samples_epoch_0725_classes_0-15.png
2025-08-29 17:33:14,906 - INFO - New best model saved (loss: 166.307465)
2025-08-29 17:33:15,691 - INFO - Epoch  730, Loss: 265.460999
2025-08-29 17:33:17,370 - INFO - Epoch  740, Loss: 191.596741
2025-08-29 17:33:19,064 - INFO - Epoch  750, Loss: 241.948013
2025-08-29 17:33:19,613 - INFO - Checkpoint saved: ./experiments/sketch_32x32_50classes_20250829_172435/ckps/checkpoint_epoch_0750.pth
2025-08-29 17:33:23,862 - INFO - Samples generated: ./experiments/sketch_32x32_50classes_20250829_172435/samples/samples_epoch_0750_classes_0-15.png
2025-08-29 17:33:25,657 - INFO - Epoch  760, Loss: 182.674194
2025-08-29 17:33:27,491 - INFO - Epoch  770, Loss: 237.265411
2025-08-29 17:33:32,757 - INFO - Samples generated: ./experiments/sketch_32x32_50classes_20250829_172435/samples/samples_epoch_0775_classes_0-15.png
2025-08-29 17:33:33,676 - INFO - Epoch  780, Loss: 182.298645
2025-08-29 17:33:37,809 - INFO - New best model saved (loss: 163.340469)
2025-08-29 17:33:38,715 - INFO - Epoch  790, Loss: 169.797821
2025-08-29 17:33:40,526 - INFO - Epoch  800, Loss: 193.919769
2025-08-29 17:33:41,100 - INFO - Checkpoint saved: ./experiments/sketch_32x32_50classes_20250829_172435/ckps/checkpoint_epoch_0800.pth
2025-08-29 17:33:45,362 - INFO - Samples generated: ./experiments/sketch_32x32_50classes_20250829_172435/samples/samples_epoch_0800_classes_0-15.png
2025-08-29 17:33:47,141 - INFO - Epoch  810, Loss: 176.906769
2025-08-29 17:33:48,928 - INFO - Epoch  820, Loss: 199.714401
2025-08-29 17:33:54,213 - INFO - Samples generated: ./experiments/sketch_32x32_50classes_20250829_172435/samples/samples_epoch_0825_classes_0-15.png
2025-08-29 17:33:55,095 - INFO - Epoch  830, Loss: 260.612488
2025-08-29 17:33:56,803 - INFO - Epoch  840, Loss: 207.592010
2025-08-29 17:33:58,649 - INFO - Epoch  850, Loss: 165.606857
2025-08-29 17:33:59,216 - INFO - Checkpoint saved: ./experiments/sketch_32x32_50classes_20250829_172435/ckps/checkpoint_epoch_0850.pth
2025-08-29 17:34:03,456 - INFO - Samples generated: ./experiments/sketch_32x32_50classes_20250829_172435/samples/samples_epoch_0850_classes_0-15.png
2025-08-29 17:34:05,406 - INFO - Epoch  860, Loss: 195.380554
2025-08-29 17:34:07,061 - INFO - Epoch  870, Loss: 198.199738
2025-08-29 17:34:12,358 - INFO - Samples generated: ./experiments/sketch_32x32_50classes_20250829_172435/samples/samples_epoch_0875_classes_0-15.png
2025-08-29 17:34:13,242 - INFO - Epoch  880, Loss: 183.827545
2025-08-29 17:34:15,046 - INFO - Epoch  890, Loss: 221.828339
2025-08-29 17:34:16,751 - INFO - Epoch  900, Loss: 193.428986
2025-08-29 17:34:17,352 - INFO - Checkpoint saved: ./experiments/sketch_32x32_50classes_20250829_172435/ckps/checkpoint_epoch_0900.pth
2025-08-29 17:34:21,625 - INFO - Samples generated: ./experiments/sketch_32x32_50classes_20250829_172435/samples/samples_epoch_0900_classes_0-15.png
2025-08-29 17:34:23,451 - INFO - Epoch  910, Loss: 195.271484
2025-08-29 17:34:26,915 - INFO - New best model saved (loss: 157.528534)
2025-08-29 17:34:28,328 - INFO - Epoch  920, Loss: 183.029907
2025-08-29 17:34:33,570 - INFO - Samples generated: ./experiments/sketch_32x32_50classes_20250829_172435/samples/samples_epoch_0925_classes_0-15.png
2025-08-29 17:34:34,513 - INFO - Epoch  930, Loss: 179.802216
2025-08-29 17:34:36,194 - INFO - Epoch  940, Loss: 163.845673
2025-08-29 17:34:37,953 - INFO - Epoch  950, Loss: 201.656677
2025-08-29 17:34:38,546 - INFO - Checkpoint saved: ./experiments/sketch_32x32_50classes_20250829_172435/ckps/checkpoint_epoch_0950.pth
2025-08-29 17:34:42,791 - INFO - Samples generated: ./experiments/sketch_32x32_50classes_20250829_172435/samples/samples_epoch_0950_classes_0-15.png
2025-08-29 17:34:47,346 - INFO - New best model saved (loss: 152.015350)
2025-08-29 17:34:47,738 - INFO - Epoch  960, Loss: 159.577423
2025-08-29 17:34:49,470 - INFO - Epoch  970, Loss: 166.581451
2025-08-29 17:34:55,080 - INFO - New best model saved (loss: 137.293213)
2025-08-29 17:34:59,789 - INFO - Samples generated: ./experiments/sketch_32x32_50classes_20250829_172435/samples/samples_epoch_0975_classes_0-15.png
2025-08-29 17:35:00,722 - INFO - Epoch  980, Loss: 176.317200
2025-08-29 17:35:02,518 - INFO - Epoch  990, Loss: 216.603745
2025-08-29 17:35:04,264 - INFO - Epoch 1000, Loss: 177.930527
2025-08-29 17:35:04,816 - INFO - Checkpoint saved: ./experiments/sketch_32x32_50classes_20250829_172435/ckps/checkpoint_epoch_1000.pth
2025-08-29 17:35:09,050 - INFO - Samples generated: ./experiments/sketch_32x32_50classes_20250829_172435/samples/samples_epoch_1000_classes_0-15.png
2025-08-29 17:35:10,937 - INFO - Epoch 1010, Loss: 154.995590
2025-08-29 17:35:12,724 - INFO - Epoch 1020, Loss: 196.016800
2025-08-29 17:35:18,060 - INFO - Samples generated: ./experiments/sketch_32x32_50classes_20250829_172435/samples/samples_epoch_1025_classes_0-15.png
2025-08-29 17:35:19,002 - INFO - Epoch 1030, Loss: 198.849060
2025-08-29 17:35:20,766 - INFO - Epoch 1040, Loss: 197.506195
2025-08-29 17:35:22,544 - INFO - Epoch 1050, Loss: 200.773499
2025-08-29 17:35:23,102 - INFO - Checkpoint saved: ./experiments/sketch_32x32_50classes_20250829_172435/ckps/checkpoint_epoch_1050.pth
2025-08-29 17:35:27,357 - INFO - Samples generated: ./experiments/sketch_32x32_50classes_20250829_172435/samples/samples_epoch_1050_classes_0-15.png
2025-08-29 17:35:29,161 - INFO - Epoch 1060, Loss: 191.871902
2025-08-29 17:35:30,700 - INFO - Epoch 1070, Loss: 181.097290
2025-08-29 17:35:35,978 - INFO - Samples generated: ./experiments/sketch_32x32_50classes_20250829_172435/samples/samples_epoch_1075_classes_0-15.png
2025-08-29 17:35:36,974 - INFO - Epoch 1080, Loss: 151.786591
2025-08-29 17:35:38,799 - INFO - Epoch 1090, Loss: 154.142471
2025-08-29 17:35:40,580 - INFO - Epoch 1100, Loss: 241.091446
2025-08-29 17:35:41,127 - INFO - Checkpoint saved: ./experiments/sketch_32x32_50classes_20250829_172435/ckps/checkpoint_epoch_1100.pth
2025-08-29 17:35:45,353 - INFO - Samples generated: ./experiments/sketch_32x32_50classes_20250829_172435/samples/samples_epoch_1100_classes_0-15.png
2025-08-29 17:35:47,066 - INFO - Epoch 1110, Loss: 199.635101
2025-08-29 17:35:48,477 - INFO - Epoch 1120, Loss: 193.603226
2025-08-29 17:35:53,700 - INFO - Samples generated: ./experiments/sketch_32x32_50classes_20250829_172435/samples/samples_epoch_1125_classes_0-15.png
2025-08-29 17:35:54,608 - INFO - Epoch 1130, Loss: 190.205048
2025-08-29 17:35:56,180 - INFO - Epoch 1140, Loss: 245.056610
2025-08-29 17:35:57,711 - INFO - Epoch 1150, Loss: 167.902863
2025-08-29 17:35:58,265 - INFO - Checkpoint saved: ./experiments/sketch_32x32_50classes_20250829_172435/ckps/checkpoint_epoch_1150.pth
2025-08-29 17:36:02,510 - INFO - Samples generated: ./experiments/sketch_32x32_50classes_20250829_172435/samples/samples_epoch_1150_classes_0-15.png
2025-08-29 17:36:04,241 - INFO - Epoch 1160, Loss: 178.942993
2025-08-29 17:36:05,948 - INFO - Epoch 1170, Loss: 199.287170
2025-08-29 17:36:06,638 - INFO - Early stopping triggered! No improvement for 200 epochs.
2025-08-29 17:36:06,639 - INFO - Best loss achieved: 137.293213 at epoch 974
2025-08-29 17:36:07,193 - INFO - Training completed!
2025-08-29 17:36:07,193 - INFO - Final loss: 157.181244
2025-08-29 17:36:07,193 - INFO - Best loss: 137.293213
2025-08-29 17:36:07,193 - INFO - Final model saved: ./experiments/sketch_32x32_50classes_20250829_172435/ckps/final_model.pth
2025-08-29 17:36:07,193 - INFO - Best model saved: ./experiments/sketch_32x32_50classes_20250829_172435/ckps/best_model.pth
