2025-10-03 02:14:21,548 - INFO - Starting experiment: sketch_64x64_10classes
2025-10-03 02:14:21,548 - INFO - Config: {'description': '64x64 resolution, 10 classes, research-grade model (optimized for memory)', 'image_size': 64, 'model_channels': [64, 128, 256, 512], 'num_residual_layers': 4, 'learning_rate': 0.0001, 'guidance_scale': 1.5, 'eta': 0.1, 'weight_multiplier': 1.0, 'batch_size': 32, 'num_epochs': 10000, 'checkpoint_interval': 0, 'sample_interval': 25}
2025-10-03 02:14:21,548 - INFO - Using device: cuda:1
2025-10-03 02:14:21,586 - INFO - GPU Memory: 25.2GB
2025-10-03 02:14:21,586 - INFO - Free Memory: 0.0GB
2025-10-03 02:14:21,586 - INFO - Initializing probability path...
2025-10-03 02:14:22,014 - INFO - Probability path initialized successfully
2025-10-03 02:14:22,014 - INFO - Initializing SketchUNet model...
2025-10-03 02:14:23,079 - INFO - Model initialized successfully
2025-10-03 02:14:23,082 - INFO - Total parameters: 34,947,534
2025-10-03 02:14:23,082 - INFO - Trainable parameters: 34,947,534
2025-10-03 02:14:23,082 - INFO - Initializing CFG trainer...
2025-10-03 02:14:23,082 - INFO - Trainer initialized successfully
2025-10-03 02:14:23,082 - INFO - Starting training:
2025-10-03 02:14:23,082 - INFO -   - Total epochs: 10000
2025-10-03 02:14:23,082 - INFO -   - Learning rate: 0.0001
2025-10-03 02:14:23,082 - INFO -   - Batch size: 32
2025-10-03 02:14:23,082 - INFO -   - Image size: 64x64
2025-10-03 02:14:23,082 - INFO -   - Model channels: [64, 128, 256, 512]
2025-10-03 02:14:23,082 - INFO -   - Eta (null class probability): 0.1
2025-10-03 02:14:23,082 - INFO -   - Loss: Standard MSE (no weighting)
2025-10-03 02:14:23,082 - INFO -   - Checkpoint interval: 0
2025-10-03 02:14:23,082 - INFO -   - Sample interval: 25
2025-10-03 02:14:23,082 - INFO - Starting training...
2025-10-03 02:14:23,342 - ERROR - Error during training: cuDNN error: CUDNN_STATUS_INTERNAL_ERROR
Traceback (most recent call last):
  File "/home/ialbornoz/tesis/flow_and_diffusion/sketch/10_class/train_experiment.py", line 211, in main
    loss = trainer.get_train_loss(batch_size=batch_size)
  File "/home/ialbornoz/tesis/flow_and_diffusion/sketch/10_class/sketchutils.py", line 526, in get_train_loss
    ut_theta = self.model(x,t,y) # (bs, 1, 32, 32)
  File "/home/ialbornoz/miniconda3/envs/sketch_diffusion/lib/python3.9/site-packages/torch/nn/modules/module.py", line 1736, in _wrapped_call_impl
    return self._call_impl(*args, **kwargs)
  File "/home/ialbornoz/miniconda3/envs/sketch_diffusion/lib/python3.9/site-packages/torch/nn/modules/module.py", line 1747, in _call_impl
    return forward_call(*args, **kwargs)
  File "/home/ialbornoz/tesis/flow_and_diffusion/sketch/10_class/sketch_unet.py", line 195, in forward
    x = self.init_conv(x) # (bs, c_0, 32, 32)
  File "/home/ialbornoz/miniconda3/envs/sketch_diffusion/lib/python3.9/site-packages/torch/nn/modules/module.py", line 1736, in _wrapped_call_impl
    return self._call_impl(*args, **kwargs)
  File "/home/ialbornoz/miniconda3/envs/sketch_diffusion/lib/python3.9/site-packages/torch/nn/modules/module.py", line 1747, in _call_impl
    return forward_call(*args, **kwargs)
  File "/home/ialbornoz/miniconda3/envs/sketch_diffusion/lib/python3.9/site-packages/torch/nn/modules/container.py", line 250, in forward
    input = module(input)
  File "/home/ialbornoz/miniconda3/envs/sketch_diffusion/lib/python3.9/site-packages/torch/nn/modules/module.py", line 1736, in _wrapped_call_impl
    return self._call_impl(*args, **kwargs)
  File "/home/ialbornoz/miniconda3/envs/sketch_diffusion/lib/python3.9/site-packages/torch/nn/modules/module.py", line 1747, in _call_impl
    return forward_call(*args, **kwargs)
  File "/home/ialbornoz/miniconda3/envs/sketch_diffusion/lib/python3.9/site-packages/torch/nn/modules/conv.py", line 554, in forward
    return self._conv_forward(input, self.weight, self.bias)
  File "/home/ialbornoz/miniconda3/envs/sketch_diffusion/lib/python3.9/site-packages/torch/nn/modules/conv.py", line 549, in _conv_forward
    return F.conv2d(
RuntimeError: cuDNN error: CUDNN_STATUS_INTERNAL_ERROR
