2025-09-12 14:12:10,555 - INFO - Starting experiment: sketch_256x256_2classes
2025-09-12 14:12:10,555 - INFO - Config: {'description': '256x256 resolution, 2 classes, research-grade model (original dataset size)', 'image_size': 256, 'model_channels': [128, 256, 512, 1024], 'num_residual_layers': 6, 'learning_rate': 5e-05, 'guidance_scale': 1.5, 'eta': 0.1, 'weight_multiplier': 1.0, 'batch_size': 8, 'num_epochs': 10000, 'checkpoint_interval': 100, 'sample_interval': 100}
2025-09-12 14:12:10,555 - INFO - Using device: cuda:1
2025-09-12 14:12:10,606 - INFO - GPU Memory: 25.2GB
2025-09-12 14:12:10,606 - INFO - Free Memory: 0.0GB
2025-09-12 14:12:10,606 - INFO - Initializing probability path...
2025-09-12 14:12:11,201 - INFO - Probability path initialized successfully
2025-09-12 14:12:11,201 - INFO - Initializing SketchUNet model...
2025-09-12 14:12:12,767 - INFO - Model initialized successfully
2025-09-12 14:12:12,770 - INFO - Total parameters: 201,580,462
2025-09-12 14:12:12,770 - INFO - Trainable parameters: 201,580,462
2025-09-12 14:12:12,770 - INFO - Initializing CFG trainer...
2025-09-12 14:12:12,770 - INFO - Trainer initialized successfully
2025-09-12 14:12:12,770 - INFO - Starting training:
2025-09-12 14:12:12,770 - INFO -   - Total epochs: 10000
2025-09-12 14:12:12,770 - INFO -   - Learning rate: 5e-05
2025-09-12 14:12:12,770 - INFO -   - Batch size: 8
2025-09-12 14:12:12,771 - INFO -   - Image size: 256x256
2025-09-12 14:12:12,771 - INFO -   - Model channels: [128, 256, 512, 1024]
2025-09-12 14:12:12,771 - INFO -   - Eta (null class probability): 0.1
2025-09-12 14:12:12,771 - INFO -   - Loss: Standard MSE (no weighting)
2025-09-12 14:12:12,771 - INFO -   - Checkpoint interval: 100
2025-09-12 14:12:12,771 - INFO -   - Sample interval: 100
2025-09-12 14:12:12,771 - INFO - Starting training...
2025-09-12 14:12:13,306 - INFO - Epoch    0, Loss: 2942.424561
2025-09-12 14:12:16,311 - INFO - New best model saved (loss: 2942.424561)
